------------------------------------------------------------
Timing Analyzer Summary
------------------------------------------------------------

Type  : Slow 1100mV 85C Model Setup 'ClkDivider:inst8|clk_div'
Slack : -37.869
TNS   : -39401.279

Type  : Slow 1100mV 85C Model Setup 'clk'
Slack : -5.599
TNS   : -111.279

Type  : Slow 1100mV 85C Model Hold 'clk'
Slack : 0.374
TNS   : 0.000

Type  : Slow 1100mV 85C Model Hold 'ClkDivider:inst8|clk_div'
Slack : 0.702
TNS   : 0.000

Type  : Slow 1100mV 85C Model Minimum Pulse Width 'ClkDivider:inst8|clk_div'
Slack : -2.225
TNS   : -2112.902

Type  : Slow 1100mV 85C Model Minimum Pulse Width 'clk'
Slack : -0.428
TNS   : -25.129

Type  : Slow 1100mV 0C Model Setup 'ClkDivider:inst8|clk_div'
Slack : -38.191
TNS   : -39694.373

Type  : Slow 1100mV 0C Model Setup 'clk'
Slack : -5.691
TNS   : -110.307

Type  : Slow 1100mV 0C Model Hold 'clk'
Slack : 0.374
TNS   : 0.000

Type  : Slow 1100mV 0C Model Hold 'ClkDivider:inst8|clk_div'
Slack : 0.555
TNS   : 0.000

Type  : Slow 1100mV 0C Model Minimum Pulse Width 'ClkDivider:inst8|clk_div'
Slack : -2.225
TNS   : -2063.335

Type  : Slow 1100mV 0C Model Minimum Pulse Width 'clk'
Slack : -0.409
TNS   : -27.187

Type  : Fast 1100mV 85C Model Setup 'ClkDivider:inst8|clk_div'
Slack : -20.397
TNS   : -21741.126

Type  : Fast 1100mV 85C Model Setup 'clk'
Slack : -3.246
TNS   : -47.710

Type  : Fast 1100mV 85C Model Hold 'clk'
Slack : 0.198
TNS   : 0.000

Type  : Fast 1100mV 85C Model Hold 'ClkDivider:inst8|clk_div'
Slack : 0.403
TNS   : 0.000

Type  : Fast 1100mV 85C Model Minimum Pulse Width 'ClkDivider:inst8|clk_div'
Slack : -1.702
TNS   : -149.776

Type  : Fast 1100mV 85C Model Minimum Pulse Width 'clk'
Slack : -0.407
TNS   : -4.605

Type  : Fast 1100mV 0C Model Setup 'ClkDivider:inst8|clk_div'
Slack : -18.755
TNS   : -19634.636

Type  : Fast 1100mV 0C Model Setup 'clk'
Slack : -2.900
TNS   : -40.519

Type  : Fast 1100mV 0C Model Hold 'clk'
Slack : 0.189
TNS   : 0.000

Type  : Fast 1100mV 0C Model Hold 'ClkDivider:inst8|clk_div'
Slack : 0.353
TNS   : 0.000

Type  : Fast 1100mV 0C Model Minimum Pulse Width 'ClkDivider:inst8|clk_div'
Slack : -1.702
TNS   : -149.776

Type  : Fast 1100mV 0C Model Minimum Pulse Width 'clk'
Slack : -0.390
TNS   : -4.549

------------------------------------------------------------
